INFO - Application started
INFO - Configuration loaded
INFO - Database connection established
INFO - User login successful
INFO - Dashboard opened
WARNING - Memory usage high
INFO - Cache refreshed
ERROR - Payment service unavailable
INFO - Retry initiated
INFO - Retry successful
INFO - User profile updated
WARNING - Slow response detected
INFO - Report generation started
ERROR - Report data incomplete
INFO - Report generation completed
INFO - User logout successful
INFO - Application backup started
WARNING - Disk space running low
INFO - Application backup completed
ERROR - Email notification failed
INFO - Email retry initiated
INFO - Email retry successful
INFO - New user registered
INFO - User login successful
WARNING - Too many requests detected
ERROR - Database connection failed
INFO - Database reconnection initiated
INFO - Database reconnection successful
INFO - Session expired
WARNING - Invalid cache entry removed
INFO - Application shutdown started
INFO - Application shutdown completed